// Jest Snapshot v1, https://goo.gl/fbAQLP

exports[`Home Deveria renderizar corretamente 1`] = `[Function]`;
