// Jest Snapshot v1, https://goo.gl/fbAQLP

exports[`Player Deveria renderizar corretamente com as cartas e com pontos 1`] = `
<View
  style={
    {
      "bottom": 0,
      "position": "absolute",
      "width": "100%",
    }
  }
>
  <View
    style={
      {
        "alignItems": "center",
        "flexDirection": "row",
        "justifyContent": "flex-start",
      }
    }
  >
    <View
      style={
        {
          "borderRadius": 28,
          "height": 52,
          "margin": 7,
          "overflow": "hidden",
          "shadowColor": "rgba(0,0,0, .4)",
          "shadowOffset": {
            "height": 1,
            "width": 1,
          },
          "shadowOpacity": 1,
          "shadowRadius": 1,
          "width": 52,
        }
      }
    >
      <View>
        <View
          style={
            {
              "alignItems": "center",
              "backgroundColor": "#ffffff",
              "borderRadius": 28,
              "height": 52,
              "justifyContent": "center",
              "width": 52,
            }
          }
        >
          <Text
            allowFontScaling={false}
            selectable={false}
            style={
              [
                {
                  "color": "#99CFBD",
                  "fontSize": 24,
                },
                {
                  "backgroundColor": "transparent",
                },
                {
                  "fontFamily": "FontAwesome",
                  "fontStyle": "normal",
                  "fontWeight": "normal",
                },
                {},
              ]
            }
            testID="iconIcon"
          >
            ï€‡
          </Text>
        </View>
      </View>
    </View>
    <Text
      style={
        {
          "color": "#FFF",
          "fontSize": 20,
          "fontWeight": "600",
          "marginLeft": 10,
        }
      }
    >
      Pontos: 
      9
    </Text>
  </View>
  <View
    style={
      {
        "flexDirection": "row",
        "marginBottom": 16,
      }
    }
  >
    <Image
      source={
        {
          "uri": "https://deckofcardsapi.com/static/img/5D.png",
        }
      }
      style={
        [
          {
            "height": 150,
            "width": 110,
          },
          {
            "marginLeft": 0,
          },
        ]
      }
    />
    <Image
      source={
        {
          "uri": "https://deckofcardsapi.com/static/img/4C.png",
        }
      }
      style={
        [
          {
            "height": 150,
            "width": 110,
          },
          {
            "marginLeft": -50,
          },
        ]
      }
    />
  </View>
</View>
`;
