// Jest Snapshot v1, https://goo.gl/fbAQLP

exports[`Winner modal Deveria renderizar corretamente 1`] = `[Function]`;
